aharonib AharoniCLM-Bold "HE8Encoding ReEncodeFont" <he8.enc <AharoniCLM-Bold.pfa
raharonib AharoniCLM-Bold "HE8Encoding ReEncodeFont" <he8.enc <AharoniCLM-Bold.pfa
aharonibi AharoniCLM-BoldOblique "HE8Encoding ReEncodeFont" <he8.enc <AharoniCLM-BoldOblique.pfa
raharonibi AharoniCLM-BoldOblique "HE8Encoding ReEncodeFont" <he8.enc <AharoniCLM-BoldOblique.pfa
aharoni AharoniCLM-Book "HE8Encoding ReEncodeFont" <he8.enc <AharoniCLM-Book.pfa
raharoni AharoniCLM-Book "HE8Encoding ReEncodeFont" <he8.enc <AharoniCLM-Book.pfa
aharonii AharoniCLM-BookOblique "HE8Encoding ReEncodeFont" <he8.enc <AharoniCLM-BookOblique.pfa
raharonii AharoniCLM-BookOblique "HE8Encoding ReEncodeFont" <he8.enc <AharoniCLM-BookOblique.pfa
caladings CaladingsCLM "HE8Encoding ReEncodeFont" <he8.enc <CaladingsCLM.pfa
rcaladings CaladingsCLM "HE8Encoding ReEncodeFont" <he8.enc <CaladingsCLM.pfa
davidb DavidCLM-Bold "HE8Encoding ReEncodeFont" <he8.enc <DavidCLM-Bold.pfa
rdavidb DavidCLM-Bold "HE8Encoding ReEncodeFont" <he8.enc <DavidCLM-Bold.pfa
david DavidCLM-Medium "HE8Encoding ReEncodeFont" <he8.enc <DavidCLM-Medium.pfa
rdavid DavidCLM-Medium "HE8Encoding ReEncodeFont" <he8.enc <DavidCLM-Medium.pfa
davidi DavidCLM-MediumItalic "HE8Encoding ReEncodeFont" <he8.enc <DavidCLM-MediumItalic.pfa
rdavidi DavidCLM-MediumItalic "HE8Encoding ReEncodeFont" <he8.enc <DavidCLM-MediumItalic.pfa
drugulinb DrugulinCLM-Bold "HE8Encoding ReEncodeFont" <he8.enc <DrugulinCLM-Bold.pfa
rdrugulinb DrugulinCLM-Bold "HE8Encoding ReEncodeFont" <he8.enc <DrugulinCLM-Bold.pfa
drugulinbi DrugulinCLM-BoldItalic "HE8Encoding ReEncodeFont" <he8.enc <DrugulinCLM-BoldItalic.pfa
rdrugulinbi DrugulinCLM-BoldItalic "HE8Encoding ReEncodeFont" <he8.enc <DrugulinCLM-BoldItalic.pfa
elliniab ElliniaCLM-Bold "HE8Encoding ReEncodeFont" <he8.enc <ElliniaCLM-Bold.pfa
relliniab ElliniaCLM-Bold "HE8Encoding ReEncodeFont" <he8.enc <ElliniaCLM-Bold.pfa
elliniabi ElliniaCLM-BoldItalic "HE8Encoding ReEncodeFont" <he8.enc <ElliniaCLM-BoldItalic.pfa
relliniabi ElliniaCLM-BoldItalic "HE8Encoding ReEncodeFont" <he8.enc <ElliniaCLM-BoldItalic.pfa
ellinia ElliniaCLM-Light "HE8Encoding ReEncodeFont" <he8.enc <ElliniaCLM-Light.pfa
rellinia ElliniaCLM-Light "HE8Encoding ReEncodeFont" <he8.enc <ElliniaCLM-Light.pfa
elliniai ElliniaCLM-LightItalic "HE8Encoding ReEncodeFont" <he8.enc <ElliniaCLM-LightItalic.pfa
relliniai ElliniaCLM-LightItalic "HE8Encoding ReEncodeFont" <he8.enc <ElliniaCLM-LightItalic.pfa
frankb FrankRuehlCLM-Bold "HE8Encoding ReEncodeFont" <he8.enc <FrankRuehlCLM-Bold.pfa
rfrankb FrankRuehlCLM-Bold "HE8Encoding ReEncodeFont" <he8.enc <FrankRuehlCLM-Bold.pfa
frankbi FrankRuehlCLM-BoldOblique "HE8Encoding ReEncodeFont" <he8.enc <FrankRuehlCLM-BoldOblique.pfa
rfrankbi FrankRuehlCLM-BoldOblique "HE8Encoding ReEncodeFont" <he8.enc <FrankRuehlCLM-BoldOblique.pfa
frank FrankRuehlCLM-Medium "HE8Encoding ReEncodeFont" <he8.enc <FrankRuehlCLM-Medium.pfa
rfrank FrankRuehlCLM-Medium "HE8Encoding ReEncodeFont" <he8.enc <FrankRuehlCLM-Medium.pfa
franki FrankRuehlCLM-MediumOblique "HE8Encoding ReEncodeFont" <he8.enc <FrankRuehlCLM-MediumOblique.pfa
rfranki FrankRuehlCLM-MediumOblique "HE8Encoding ReEncodeFont" <he8.enc <FrankRuehlCLM-MediumOblique.pfa
miriamb MiriamMonoCLM-Bold "HE8Encoding ReEncodeFont" <he8.enc <MiriamMonoCLM-Bold.pfa
rmiriamb MiriamMonoCLM-Bold "HE8Encoding ReEncodeFont" <he8.enc <MiriamMonoCLM-Bold.pfa
miriambi MiriamMonoCLM-BoldOblique "HE8Encoding ReEncodeFont" <he8.enc <MiriamMonoCLM-BoldOblique.pfa
rmiriambi MiriamMonoCLM-BoldOblique "HE8Encoding ReEncodeFont" <he8.enc <MiriamMonoCLM-BoldOblique.pfa
miriam MiriamMonoCLM-Book "HE8Encoding ReEncodeFont" <he8.enc <MiriamMonoCLM-Book.pfa
rmiriam MiriamMonoCLM-Book "HE8Encoding ReEncodeFont" <he8.enc <MiriamMonoCLM-Book.pfa
miriami MiriamMonoCLM-BookOblique "HE8Encoding ReEncodeFont" <he8.enc <MiriamMonoCLM-BookOblique.pfa
rmiriami MiriamMonoCLM-BookOblique "HE8Encoding ReEncodeFont" <he8.enc <MiriamMonoCLM-BookOblique.pfa
nachlielib NachlieliCLM-Bold "HE8Encoding ReEncodeFont" <he8.enc <NachlieliCLM-Bold.pfa
rnachlielib NachlieliCLM-Bold "HE8Encoding ReEncodeFont" <he8.enc <NachlieliCLM-Bold.pfa
nachlielibi NachlieliCLM-BoldOblique "HE8Encoding ReEncodeFont" <he8.enc <NachlieliCLM-BoldOblique.pfa
rnachlielibi NachlieliCLM-BoldOblique "HE8Encoding ReEncodeFont" <he8.enc <NachlieliCLM-BoldOblique.pfa
nachlieli NachlieliCLM-Light "HE8Encoding ReEncodeFont" <he8.enc <NachlieliCLM-Light.pfa
rnachlieli NachlieliCLM-Light "HE8Encoding ReEncodeFont" <he8.enc <NachlieliCLM-Light.pfa
nachlielii NachlieliCLM-LightOblique "HE8Encoding ReEncodeFont" <he8.enc <NachlieliCLM-LightOblique.pfa
rnachlielii NachlieliCLM-LightOblique "HE8Encoding ReEncodeFont" <he8.enc <NachlieliCLM-LightOblique.pfa
yehuda YehudaCLM-Light "HE8Encoding ReEncodeFont" <he8.enc <YehudaCLM-Light.pfa
ryehuda YehudaCLM-Light "HE8Encoding ReEncodeFont" <he8.enc <YehudaCLM-Light.pfa
yehudab YehudaCLM-Bold "HE8Encoding ReEncodeFont" <he8.enc <YehudaCLM-Bold.pfa
ryehudab YehudaCLM-Bold "HE8Encoding ReEncodeFont" <he8.enc <YehudaCLM-Bold.pfa
frankClmNkdb FrankRuehlCLM-Bold-Menukad "HE8Encoding ReEncodeFont" <he8.enc <<FrankRuehlCLM-Bold-Menukad.t3 <FrankRuehlCLM-Bold.pfb
rfrankClmNkdb FrankRuehlCLM-Bold-Menukad "HE8Encoding ReEncodeFont" <he8.enc <<FrankRuehlCLM-Bold-Menukad.t3 <FrankRuehlCLM-Bold.pfb
frankClmNkdbi FrankRuehlCLM-BoldOblique-Menukad "HE8Encoding ReEncodeFont" <he8.enc <<FrankRuehlCLM-BoldOblique-Menukad.t3 <FrankRuehlCLM-BoldOblique.pfb
rfrankClmNkdbi FrankRuehlCLM-BoldOblique-Menukad "HE8Encoding ReEncodeFont" <he8.enc <<FrankRuehlCLM-BoldOblique-Menukad.t3 <FrankRuehlCLM-BoldOblique.pfb
frankClmNkd FrankRuehlCLM-Medium-Menukad "HE8Encoding ReEncodeFont" <he8.enc <<FrankRuehlCLM-Medium-Menukad.t3 <FrankRuehlCLM-Medium.pfb
rfrankClmNkd FrankRuehlCLM-Medium-Menukad "HE8Encoding ReEncodeFont" <he8.enc <<FrankRuehlCLM-Medium-Menukad.t3 <FrankRuehlCLM-Medium.pfb
frankClmNkdi FrankRuehlCLM-MediumOblique-Menukad "HE8Encoding ReEncodeFont" <he8.enc <<FrankRuehlCLM-MediumOblique-Menukad.t3 <FrankRuehlCLM-MediumOblique.pfb
rfrankClmNkdi FrankRuehlCLM-MediumOblique-Menukad "HE8Encoding ReEncodeFont" <he8.enc <<FrankRuehlCLM-MediumOblique-Menukad.t3 <FrankRuehlCLM-MediumOblique.pfb
miriamClmNkdb MiriamMonoCLM-Bold-Menukad "HE8Encoding ReEncodeFont" <he8.enc <<MiriamMonoCLM-Bold-Menukad.t3 <MiriamMonoCLM-Bold.pfb
rmiriamClmNkdb MiriamMonoCLM-Bold-Menukad "HE8Encoding ReEncodeFont" <he8.enc <<MiriamMonoCLM-Bold-Menukad.t3 <MiriamMonoCLM-Bold.pfb
miriamClmNkdbi MiriamMonoCLM-BoldOblique-Menukad "HE8Encoding ReEncodeFont" <he8.enc <<MiriamMonoCLM-BoldOblique-Menukad.t3 <MiriamMonoCLM-BoldOblique.pfb
rmiriamClmNkdbi MiriamMonoCLM-BoldOblique-Menukad "HE8Encoding ReEncodeFont" <he8.enc <<MiriamMonoCLM-BoldOblique-Menukad.t3 <MiriamMonoCLM-BoldOblique.pfb
miriamClmNkd MiriamMonoCLM-Book-Menukad "HE8Encoding ReEncodeFont" <he8.enc <<MiriamMonoCLM-Book-Menukad.t3 <MiriamMonoCLM-Book.pfb
rmiriamClmNkd MiriamMonoCLM-Book-Menukad "HE8Encoding ReEncodeFont" <he8.enc <<MiriamMonoCLM-Book-Menukad.t3 <MiriamMonoCLM-Book.pfb
miriamClmNkdi MiriamMonoCLM-BookOblique-Menukad "HE8Encoding ReEncodeFont" <he8.enc <<MiriamMonoCLM-BookOblique-Menukad.t3 <MiriamMonoCLM-BookOblique.pfb
rmiriamClmNkdi MiriamMonoCLM-BookOblique-Menukad "HE8Encoding ReEncodeFont" <he8.enc <<MiriamMonoCLM-BookOblique-Menukad.t3 <MiriamMonoCLM-BookOblique.pfb
nachlieliClmNkdb NachlieliCLM-Bold-Menukad "HE8Encoding ReEncodeFont" <he8.enc <<NachlieliCLM-Bold-Menukad.t3 <NachlieliCLM-Bold.pfb
rnachlieliClmNkdb NachlieliCLM-Bold-Menukad "HE8Encoding ReEncodeFont" <he8.enc <<NachlieliCLM-Bold-Menukad.t3 <NachlieliCLM-Bold.pfb
nachlieliClmNkdbi NachlieliCLM-BoldOblique-Menukad "HE8Encoding ReEncodeFont" <he8.enc <<NachlieliCLM-BoldOblique-Menukad.t3 <NachlieliCLM-BoldOblique.pfb
rnachlieliClmNkdbi NachlieliCLM-BoldOblique-Menukad "HE8Encoding ReEncodeFont" <he8.enc <<NachlieliCLM-BoldOblique-Menukad.t3 <NachlieliCLM-BoldOblique.pfb
nachlieliClmNkd NachlieliCLM-Light-Menukad "HE8Encoding ReEncodeFont" <he8.enc <<NachlieliCLM-Light-Menukad.t3 <NachlieliCLM-Light.pfb
rnachlieliClmNkd NachlieliCLM-Light-Menukad "HE8Encoding ReEncodeFont" <he8.enc <<NachlieliCLM-Light-Menukad.t3 <NachlieliCLM-Light.pfb
nachlieliClmNkdi NachlieliCLM-LightOblique-Menukad "HE8Encoding ReEncodeFont" <he8.enc <<NachlieliCLM-LightOblique-Menukad.t3 <NachlieliCLM-LightOblique.pfb
rnachlieliClmNkdi NachlieliCLM-LightOblique-Menukad "HE8Encoding ReEncodeFont" <he8.enc <<NachlieliCLM-LightOblique-Menukad.t3 <NachlieliCLM-LightOblique.pfb
